commit 완료? 12월 5일 11:16 